// Jest Snapshot v1, https://goo.gl/fbAQLP

exports[`should render as expected and match the snapshot 1`] = `
<div
  class="flex items-center justify-center min-h-[80vh]"
>
  <div
    class="text-center"
  >
    <h1
      class="text-5xl font-bold"
    >
      404
    </h1>
    <p
      class="text-lg"
    >
      Page not found
    </p>
  </div>
</div>
`;
